// Jest Snapshot v1, https://goo.gl/fbAQLP

exports[`renders <EEditor /> without throwing 1`] = `
.c1 {
  -webkit-animation: iCqDak 1.5s ease-out 0s infinite;
  animation: iCqDak 1.5s ease-out 0s infinite;
}

.c2 {
  -webkit-animation: iCqDak 1.5s ease-out 0s infinite;
  animation: iCqDak 1.5s ease-out 0s infinite;
  -webkit-animation-delay: 0.5s;
  animation-delay: 0.5s;
}

.c3 {
  -webkit-animation: iCqDak 1.5s ease-out 0s infinite;
  animation: iCqDak 1.5s ease-out 0s infinite;
  -webkit-animation-delay: 1s;
  animation-delay: 1s;
}

.c0 {
  display: -webkit-box;
  display: -webkit-flex;
  display: -ms-flexbox;
  display: flex;
  -webkit-flex-direction: column;
  -ms-flex-direction: column;
  flex-direction: column;
  -webkit-flex-wrap: nowrap;
  -ms-flex-wrap: nowrap;
  flex-wrap: nowrap;
  -webkit-box-pack: center;
  -webkit-justify-content: center;
  -ms-flex-pack: center;
  justify-content: center;
  -webkit-align-content: center;
  -ms-flex-line-pack: center;
  align-content: center;
  -webkit-align-items: center;
  -webkit-box-align: center;
  -ms-flex-align: center;
  align-items: center;
  -webkit-flex: 1 0 auto;
  -ms-flex: 1 0 auto;
  flex: 1 0 auto;
  -webkit-align-self: stretch;
  -ms-flex-item-align: stretch;
  align-self: stretch;
}

.c4 {
  font-family: "Libre Franklin",-apple-system,BlinkMacSystemFont,"Segoe UI",Roboto,Oxygen-Sans,Ubuntu,Cantarell,Helvetica,sans-serif;
  font-weight: 400;
  line-height: 1.5rem;
  font-size: 0.9375rem;
  -webkit-flex: 0 0 auto;
  -ms-flex: 0 0 auto;
  flex: 0 0 auto;
  -webkit-align-self: stretch;
  -ms-flex-item-align: stretch;
  align-self: stretch;
  text-align: center;
  margin-bottom: 0;
}

<div
  className="c0"
>
  <svg
    height="10"
    width="28"
  >
    <rect
      className="c1"
      height="6"
      width="6"
      x="2"
      y="2"
    />
    <rect
      className="c2"
      height="6"
      width="6"
      x="11"
      y="2"
    />
    <rect
      className="c3"
      height="6"
      width="6"
      x="20"
      y="2"
    />
  </svg>
  <p
    className="c4"
  >
    Loading...
  </p>
</div>
`;

exports[`renders <EEditor /> without throwing 2`] = `
.c1 {
  -webkit-animation: iCqDak 1.5s ease-out 0s infinite;
  animation: iCqDak 1.5s ease-out 0s infinite;
}

.c2 {
  -webkit-animation: iCqDak 1.5s ease-out 0s infinite;
  animation: iCqDak 1.5s ease-out 0s infinite;
  -webkit-animation-delay: 0.5s;
  animation-delay: 0.5s;
}

.c3 {
  -webkit-animation: iCqDak 1.5s ease-out 0s infinite;
  animation: iCqDak 1.5s ease-out 0s infinite;
  -webkit-animation-delay: 1s;
  animation-delay: 1s;
}

.c0 {
  display: -webkit-box;
  display: -webkit-flex;
  display: -ms-flexbox;
  display: flex;
  -webkit-flex-direction: column;
  -ms-flex-direction: column;
  flex-direction: column;
  -webkit-flex-wrap: nowrap;
  -ms-flex-wrap: nowrap;
  flex-wrap: nowrap;
  -webkit-box-pack: center;
  -webkit-justify-content: center;
  -ms-flex-pack: center;
  justify-content: center;
  -webkit-align-content: center;
  -ms-flex-line-pack: center;
  align-content: center;
  -webkit-align-items: center;
  -webkit-box-align: center;
  -ms-flex-align: center;
  align-items: center;
  -webkit-flex: 1 0 auto;
  -ms-flex: 1 0 auto;
  flex: 1 0 auto;
  -webkit-align-self: stretch;
  -ms-flex-item-align: stretch;
  align-self: stretch;
}

.c4 {
  font-family: "Libre Franklin",-apple-system,BlinkMacSystemFont,"Segoe UI",Roboto,Oxygen-Sans,Ubuntu,Cantarell,Helvetica,sans-serif;
  font-weight: 400;
  line-height: 1.5rem;
  font-size: 0.9375rem;
  -webkit-flex: 0 0 auto;
  -ms-flex: 0 0 auto;
  flex: 0 0 auto;
  -webkit-align-self: stretch;
  -ms-flex-item-align: stretch;
  align-self: stretch;
  text-align: center;
  margin-bottom: 0;
}

<div
  className="c0"
>
  <svg
    height="10"
    width="28"
  >
    <rect
      className="c1"
      height="6"
      width="6"
      x="2"
      y="2"
    />
    <rect
      className="c2"
      height="6"
      width="6"
      x="11"
      y="2"
    />
    <rect
      className="c3"
      height="6"
      width="6"
      x="20"
      y="2"
    />
  </svg>
  <p
    className="c4"
  >
    Loading...
  </p>
</div>
`;

exports[`renders <MEditor /> without throwing 1`] = `
.c1 {
  -webkit-animation: iCqDak 1.5s ease-out 0s infinite;
  animation: iCqDak 1.5s ease-out 0s infinite;
}

.c2 {
  -webkit-animation: iCqDak 1.5s ease-out 0s infinite;
  animation: iCqDak 1.5s ease-out 0s infinite;
  -webkit-animation-delay: 0.5s;
  animation-delay: 0.5s;
}

.c3 {
  -webkit-animation: iCqDak 1.5s ease-out 0s infinite;
  animation: iCqDak 1.5s ease-out 0s infinite;
  -webkit-animation-delay: 1s;
  animation-delay: 1s;
}

.c0 {
  display: -webkit-box;
  display: -webkit-flex;
  display: -ms-flexbox;
  display: flex;
  -webkit-flex-direction: column;
  -ms-flex-direction: column;
  flex-direction: column;
  -webkit-flex-wrap: nowrap;
  -ms-flex-wrap: nowrap;
  flex-wrap: nowrap;
  -webkit-box-pack: center;
  -webkit-justify-content: center;
  -ms-flex-pack: center;
  justify-content: center;
  -webkit-align-content: center;
  -ms-flex-line-pack: center;
  align-content: center;
  -webkit-align-items: center;
  -webkit-box-align: center;
  -ms-flex-align: center;
  align-items: center;
  -webkit-flex: 1 0 auto;
  -ms-flex: 1 0 auto;
  flex: 1 0 auto;
  -webkit-align-self: stretch;
  -ms-flex-item-align: stretch;
  align-self: stretch;
}

.c4 {
  font-family: "Libre Franklin",-apple-system,BlinkMacSystemFont,"Segoe UI",Roboto,Oxygen-Sans,Ubuntu,Cantarell,Helvetica,sans-serif;
  font-weight: 400;
  line-height: 1.5rem;
  font-size: 0.9375rem;
  -webkit-flex: 0 0 auto;
  -ms-flex: 0 0 auto;
  flex: 0 0 auto;
  -webkit-align-self: stretch;
  -ms-flex-item-align: stretch;
  align-self: stretch;
  text-align: center;
  margin-bottom: 0;
}

<div
  className="c0"
>
  <svg
    height="10"
    width="28"
  >
    <rect
      className="c1"
      height="6"
      width="6"
      x="2"
      y="2"
    />
    <rect
      className="c2"
      height="6"
      width="6"
      x="11"
      y="2"
    />
    <rect
      className="c3"
      height="6"
      width="6"
      x="20"
      y="2"
    />
  </svg>
  <p
    className="c4"
  >
    Loading...
  </p>
</div>
`;

exports[`renders <MEditor /> without throwing 2`] = `
.c1 {
  -webkit-animation: iCqDak 1.5s ease-out 0s infinite;
  animation: iCqDak 1.5s ease-out 0s infinite;
}

.c2 {
  -webkit-animation: iCqDak 1.5s ease-out 0s infinite;
  animation: iCqDak 1.5s ease-out 0s infinite;
  -webkit-animation-delay: 0.5s;
  animation-delay: 0.5s;
}

.c3 {
  -webkit-animation: iCqDak 1.5s ease-out 0s infinite;
  animation: iCqDak 1.5s ease-out 0s infinite;
  -webkit-animation-delay: 1s;
  animation-delay: 1s;
}

.c0 {
  display: -webkit-box;
  display: -webkit-flex;
  display: -ms-flexbox;
  display: flex;
  -webkit-flex-direction: column;
  -ms-flex-direction: column;
  flex-direction: column;
  -webkit-flex-wrap: nowrap;
  -ms-flex-wrap: nowrap;
  flex-wrap: nowrap;
  -webkit-box-pack: center;
  -webkit-justify-content: center;
  -ms-flex-pack: center;
  justify-content: center;
  -webkit-align-content: center;
  -ms-flex-line-pack: center;
  align-content: center;
  -webkit-align-items: center;
  -webkit-box-align: center;
  -ms-flex-align: center;
  align-items: center;
  -webkit-flex: 1 0 auto;
  -ms-flex: 1 0 auto;
  flex: 1 0 auto;
  -webkit-align-self: stretch;
  -ms-flex-item-align: stretch;
  align-self: stretch;
}

.c4 {
  font-family: "Libre Franklin",-apple-system,BlinkMacSystemFont,"Segoe UI",Roboto,Oxygen-Sans,Ubuntu,Cantarell,Helvetica,sans-serif;
  font-weight: 400;
  line-height: 1.5rem;
  font-size: 0.9375rem;
  -webkit-flex: 0 0 auto;
  -ms-flex: 0 0 auto;
  flex: 0 0 auto;
  -webkit-align-self: stretch;
  -ms-flex-item-align: stretch;
  align-self: stretch;
  text-align: center;
  margin-bottom: 0;
}

<div
  className="c0"
>
  <svg
    height="10"
    width="28"
  >
    <rect
      className="c1"
      height="6"
      width="6"
      x="2"
      y="2"
    />
    <rect
      className="c2"
      height="6"
      width="6"
      x="11"
      y="2"
    />
    <rect
      className="c3"
      height="6"
      width="6"
      x="20"
      y="2"
    />
  </svg>
  <p
    className="c4"
  >
    Loading...
  </p>
</div>
`;
