// Jest Snapshot v1, https://goo.gl/fbAQLP

exports[`renders <Header /> without throwing 1`] = `
.c2 {
  font-family: "Libre Franklin",-apple-system,BlinkMacSystemFont,"Segoe UI",Roboto,Oxygen-Sans,Ubuntu,Cantarell,Helvetica,sans-serif;
  font-weight: 500;
  font-size: 1.5rem;
  text-transform: uppercase;
  font-size: 1.8125rem;
  margin: 0;
}

.c1 {
  -webkit-flex: 1 1 auto;
  -ms-flex: 1 1 auto;
  flex: 1 1 auto;
  -webkit-align-self: stretch;
  -ms-flex-item-align: stretch;
  align-self: stretch;
  -webkit-order: 0;
  -ms-flex-order: 0;
  order: 0;
  padding: 0.9375rem 0;
}

.c5 {
  font-family: "Libre Franklin",-apple-system,BlinkMacSystemFont,"Segoe UI",Roboto,Oxygen-Sans,Ubuntu,Cantarell,Helvetica,sans-serif;
  font-weight: 400;
  line-height: 1.5rem;
  font-size: 0.9375rem;
  font-weight: 600;
  text-align: center;
  margin: 0;
}

.c4 {
  -webkit-flex: 0 1 auto;
  -ms-flex: 0 1 auto;
  flex: 0 1 auto;
  -webkit-align-self: auto;
  -ms-flex-item-align: auto;
  align-self: auto;
  -webkit-order: 0;
  -ms-flex-order: 0;
  order: 0;
  padding: 0.9375rem 0;
  width: 6.25rem;
  max-width: 6.25rem;
}

.c0 {
  display: -webkit-box;
  display: -webkit-flex;
  display: -ms-flexbox;
  display: flex;
  -webkit-flex-direction: row;
  -ms-flex-direction: row;
  flex-direction: row;
  -webkit-flex-wrap: nowrap;
  -ms-flex-wrap: nowrap;
  flex-wrap: nowrap;
  -webkit-box-pack: justify;
  -webkit-justify-content: space-between;
  -ms-flex-pack: justify;
  justify-content: space-between;
  -webkit-align-content: stretch;
  -ms-flex-line-pack: stretch;
  align-content: stretch;
  -webkit-align-items: stretch;
  -webkit-box-align: stretch;
  -ms-flex-align: stretch;
  align-items: stretch;
  max-height: 3.3125rem;
  min-height: 3.3125rem;
  padding: 0 1.125rem;
  line-height: 1.5625rem;
}

.c3 {
  border-style: none;
  width: 5.4375rem;
  height: 1.5625rem;
}

.c6 {
  padding-left: 5px;
}

<div
  className="c0"
>
  <div
    className="c1"
  >
    <h2
      className="c2"
    >
      <a
        href="/"
        onClick={[Function]}
      >
        <img
          className="c3"
          src="test-file-mock"
        />
      </a>
    </h2>
  </div>
  <div
    className="c4"
  >
    <p
      className="c5"
    >
      <svg
        className=""
        height="13"
        viewBox="0 0 9 13"
        width="9"
        xmlns="http://www.w3.org/2000/svg"
      >
        <title>
          icon: data center
        </title>
        <defs>
          <linearGradient
            id="a"
            x1="49.967%"
            x2="49.967%"
            y1="100%"
            y2="0%"
          >
            <stop
              offset="0%"
              stopColor="#E6E6E6"
            />
            <stop
              offset="100%"
              stopColor="#FFF"
            />
          </linearGradient>
        </defs>
        <path
          d="M1174 34h9V21h-9v13zm2-2h5v-9h-5v9zm1-7h3.001v-1H1177v1zm0 2h3.001v-1H1177v1zm0 2h3.001v-1H1177v1z"
          fill="url(#a)"
          fillRule="evenodd"
          transform="translate(-1174 -21)"
        />
      </svg>
      <span
        className="c6"
      />
    </p>
  </div>
  <div
    className="c4"
  >
    <p
      className="c5"
    >
      <svg
        className=""
        height="12"
        viewBox="0 0 12 12"
        width="12"
        xmlns="http://www.w3.org/2000/svg"
      >
        <title>
          Shape
        </title>
        <defs>
          <linearGradient
            id="a"
            x1="49.967%"
            x2="49.967%"
            y1="100%"
            y2="0%"
          >
            <stop
              offset="0%"
              stopColor="#E6E6E6"
            />
            <stop
              offset="100%"
              stopColor="#FFF"
            />
          </linearGradient>
        </defs>
        <path
          d="M12 12H0a5.958 5.958 0 0 1 1.485-3.552 1.368 1.368 0 0 1 1.726-.296 4.83 4.83 0 0 0 5.201-.248 1.384 1.384 0 0 1 1.75.152A5.968 5.968 0 0 1 12 12zM5.619 0a3.205 3.205 0 0 0-3.211 3.2c0 1.768 1.42 4 3.21 4s3.211-2.232 3.211-4C8.83 1.433 7.392 0 5.62 0z"
          fill="url(#a)"
          fillRule="nonzero"
        />
      </svg>
      <span
        className="c6"
      />
    </p>
  </div>
</div>
`;
