// Jest Snapshot v1, https://goo.gl/fbAQLP

exports[`renders <DeploymentGroupDelete /> without throwing 1`] = `
.c4 {
  font-family: sans-serif;
  font-size: 100%;
  line-height: 1.15;
  margin: 0;
  overflow: visible;
  text-transform: none;
  -webkit-appearance: button;
  -moz-appearance: button;
  appearance: button;
  min-width: 7.5rem;
  box-sizing: border-box;
  display: inline-block;
  -webkit-box-pack: center;
  -webkit-justify-content: center;
  -ms-flex-pack: center;
  justify-content: center;
  -webkit-align-items: center;
  -webkit-box-align: center;
  -ms-flex-align: center;
  align-items: center;
  margin: 0;
  padding: 0.9375rem 1.125rem;
  position: relative;
  font-family: "Libre Franklin",-apple-system,BlinkMacSystemFont,"Segoe UI",Roboto,Oxygen-Sans,Ubuntu,Cantarell,Helvetica,sans-serif;
  font-weight: 400;
  font-size: 0.9375rem;
  text-align: center;
  font-style: normal;
  font-stretch: normal;
  line-height: normal;
  -webkit-letter-spacing: normal;
  -moz-letter-spacing: normal;
  -ms-letter-spacing: normal;
  letter-spacing: normal;
  text-decoration: none;
  white-space: nowrap;
  vertical-align: middle;
  touch-action: manipulation;
  cursor: pointer;
  background-image: none;
  border-radius: 0.25rem;
  border: solid 0.0625rem;
}

.c4::-moz-focus-inner,
.c4[type='button']::-moz-focus-inner,
.c4[type='reset']::-moz-focus-inner,
.c4[type='submit']::-moz-focus-inner {
  border-style: none;
  padding: 0;
}

.c4:-moz-focusring,
.c4[type='button']:-moz-focusring,
.c4[type='reset']:-moz-focusring,
.c4[type='submit']:-moz-focusring {
  outline: 0.0625rem dotted ButtonText;
}

.c4:focus {
  outline: 0;
  text-decoration: none;
}

.c4:hover {
  border: solid 0.0625rem;
}

.c4:active,
.c4:active:hover,
.c4:active:focus {
  background-image: none;
  outline: 0;
}

.c4[disabled] {
  cursor: not-allowed;
  pointer-events: none;
}

.c4 + button {
  margin-left: 1.25rem;
}

.c5 {
  font-family: sans-serif;
  font-size: 100%;
  line-height: 1.15;
  margin: 0;
  overflow: visible;
  text-transform: none;
  -webkit-appearance: button;
  -moz-appearance: button;
  appearance: button;
  min-width: 7.5rem;
  box-sizing: border-box;
  display: inline-block;
  -webkit-box-pack: center;
  -webkit-justify-content: center;
  -ms-flex-pack: center;
  justify-content: center;
  -webkit-align-items: center;
  -webkit-box-align: center;
  -ms-flex-align: center;
  align-items: center;
  margin: 0;
  padding: 0.9375rem 1.125rem;
  position: relative;
  font-family: "Libre Franklin",-apple-system,BlinkMacSystemFont,"Segoe UI",Roboto,Oxygen-Sans,Ubuntu,Cantarell,Helvetica,sans-serif;
  font-weight: 400;
  font-size: 0.9375rem;
  text-align: center;
  font-style: normal;
  font-stretch: normal;
  line-height: normal;
  -webkit-letter-spacing: normal;
  -moz-letter-spacing: normal;
  -ms-letter-spacing: normal;
  letter-spacing: normal;
  text-decoration: none;
  white-space: nowrap;
  vertical-align: middle;
  touch-action: manipulation;
  cursor: pointer;
  background-image: none;
  border-radius: 0.25rem;
  border: solid 0.0625rem;
}

.c5::-moz-focus-inner,
.c5[type='button']::-moz-focus-inner,
.c5[type='reset']::-moz-focus-inner,
.c5[type='submit']::-moz-focus-inner {
  border-style: none;
  padding: 0;
}

.c5:-moz-focusring,
.c5[type='button']:-moz-focusring,
.c5[type='reset']:-moz-focusring,
.c5[type='submit']:-moz-focusring {
  outline: 0.0625rem dotted ButtonText;
}

.c5:focus {
  outline: 0;
  text-decoration: none;
}

.c5:hover {
  border: solid 0.0625rem;
}

.c5:active,
.c5:active:hover,
.c5:active:focus {
  background-image: none;
  outline: 0;
}

.c5[disabled] {
  cursor: not-allowed;
  pointer-events: none;
}

.c5 + button {
  margin-left: 1.25rem;
}

.c1 {
  font-family: "Libre Franklin",-apple-system,BlinkMacSystemFont,"Segoe UI",Roboto,Oxygen-Sans,Ubuntu,Cantarell,Helvetica,sans-serif;
  font-weight: 500;
  font-size: 1.5rem;
}

.c3 {
  font-family: "Libre Franklin",-apple-system,BlinkMacSystemFont,"Segoe UI",Roboto,Oxygen-Sans,Ubuntu,Cantarell,Helvetica,sans-serif;
  font-weight: 400;
  line-height: 1.5rem;
  font-size: 0.9375rem;
}

.c0 {
  line-height: 1.25;
  margin: 0 0 0.75rem 0;
}

.c2 {
  margin: 0.75rem 0 1.875rem 0;
}

<div>
  <h2
    className="c0 c1"
  >
    Deleting a deployment group: 
    <br />
     
    Wordpress Blog Example
  </h2>
  <p
    className="c2 c3"
  >
    Deleting a deployment group will also remove all of the services and instances associated with that deployment group. Are you sure you want to continue?
  </p>
  <button
    className="c4"
    onClick={[Function]}
  >
    Cancel
  </button>
  <button
    className="c5"
    onClick={[Function]}
  >
    Delete deployment group
  </button>
</div>
`;
