// Jest Snapshot v1, https://goo.gl/fbAQLP

exports[`renders <ServiceList /> without throwing 1`] = `
.c8 {
  text-decoration: none;
}

.c16 {
  font-family: sans-serif;
  font-size: 100%;
  line-height: 1.15;
  margin: 0;
  overflow: visible;
  text-transform: none;
  -webkit-appearance: button;
  -moz-appearance: button;
  appearance: button;
  min-width: 7.5rem;
  box-sizing: border-box;
  display: inline-block;
  -webkit-box-pack: center;
  -webkit-justify-content: center;
  -ms-flex-pack: center;
  justify-content: center;
  -webkit-align-items: center;
  -webkit-box-align: center;
  -ms-flex-align: center;
  align-items: center;
  margin: 0;
  padding: 0.9375rem 1.125rem;
  position: relative;
  font-family: "Libre Franklin",-apple-system,BlinkMacSystemFont,"Segoe UI",Roboto,Oxygen-Sans,Ubuntu,Cantarell,Helvetica,sans-serif;
  font-weight: 400;
  font-size: 0.9375rem;
  text-align: center;
  font-style: normal;
  font-stretch: normal;
  line-height: normal;
  -webkit-letter-spacing: normal;
  -moz-letter-spacing: normal;
  -ms-letter-spacing: normal;
  letter-spacing: normal;
  text-decoration: none;
  white-space: nowrap;
  vertical-align: middle;
  touch-action: manipulation;
  cursor: pointer;
  background-image: none;
  border-radius: 0.25rem;
  border: solid 0.0625rem;
  border-radius: 0;
}

.c16::-moz-focus-inner,
.c16[type='button']::-moz-focus-inner,
.c16[type='reset']::-moz-focus-inner,
.c16[type='submit']::-moz-focus-inner {
  border-style: none;
  padding: 0;
}

.c16:-moz-focusring,
.c16[type='button']:-moz-focusring,
.c16[type='reset']:-moz-focusring,
.c16[type='submit']:-moz-focusring {
  outline: 0.0625rem dotted ButtonText;
}

.c16:focus {
  outline: 0;
  text-decoration: none;
}

.c16:hover {
  border: solid 0.0625rem;
}

.c16:active,
.c16:active:hover,
.c16:active:focus {
  background-image: none;
  outline: 0;
}

.c16[disabled] {
  cursor: not-allowed;
  pointer-events: none;
}

.c16 + button {
  margin-left: 1.25rem;
}

.c6 {
  font-size: 0.9375rem;
  line-height: 1.5;
  font-family: "Libre Franklin",-apple-system,BlinkMacSystemFont,"Segoe UI",Roboto,Oxygen-Sans,Ubuntu,Cantarell,Helvetica,sans-serif;
  font-weight: 600;
  display: -webkit-box;
  display: -webkit-flex;
  display: -ms-flexbox;
  display: flex;
  -webkit-flex-direction: row;
  -ms-flex-direction: row;
  flex-direction: row;
  -webkit-box-pack: start;
  -webkit-justify-content: flex-start;
  -ms-flex-pack: start;
  justify-content: flex-start;
  -webkit-flex-grow: 2;
  -ms-flex-grow: 2;
  flex-grow: 2;
  -webkit-flex-basis: 5.625rem;
  -ms-flex-basis: 5.625rem;
  flex-basis: 5.625rem;
  width: 100%;
  padding: 0.75rem 1.125rem 0 1.125rem;
  -webkit-flex-grow: 6;
  -ms-flex-grow: 6;
  flex-grow: 6;
  -webkit-flex-direction: column;
  -ms-flex-direction: column;
  flex-direction: column;
  width: auto;
  -webkit-box-pack: center;
  -webkit-justify-content: center;
  -ms-flex-pack: center;
  justify-content: center;
  padding: 0 1.125rem;
}

.c23 {
  font-size: 0.9375rem;
  line-height: 1.5;
  font-family: "Libre Franklin",-apple-system,BlinkMacSystemFont,"Segoe UI",Roboto,Oxygen-Sans,Ubuntu,Cantarell,Helvetica,sans-serif;
  font-weight: 600;
  display: -webkit-box;
  display: -webkit-flex;
  display: -ms-flexbox;
  display: flex;
  -webkit-flex-direction: row;
  -ms-flex-direction: row;
  flex-direction: row;
  -webkit-box-pack: start;
  -webkit-justify-content: flex-start;
  -ms-flex-pack: start;
  justify-content: flex-start;
  -webkit-flex-grow: 2;
  -ms-flex-grow: 2;
  flex-grow: 2;
  -webkit-flex-basis: 5.625rem;
  -ms-flex-basis: 5.625rem;
  flex-basis: 5.625rem;
  width: 100%;
  padding: 0.75rem 1.125rem 0 1.125rem;
}

.c9 {
  font-family: "Libre Franklin",-apple-system,BlinkMacSystemFont,"Segoe UI",Roboto,Oxygen-Sans,Ubuntu,Cantarell,Helvetica,sans-serif;
  font-weight: 400;
  -webkit-flex-grow: 1;
  -ms-flex-grow: 1;
  flex-grow: 1;
  -webkit-flex-basis: 5.625rem;
  -ms-flex-basis: 5.625rem;
  flex-basis: 5.625rem;
}

.c22 {
  font-family: "Libre Franklin",-apple-system,BlinkMacSystemFont,"Segoe UI",Roboto,Oxygen-Sans,Ubuntu,Cantarell,Helvetica,sans-serif;
  font-weight: 400;
  -webkit-flex-grow: 1;
  -ms-flex-grow: 1;
  flex-grow: 1;
  -webkit-flex-basis: 5.625rem;
  -ms-flex-basis: 5.625rem;
  flex-basis: 5.625rem;
  padding-bottom: 0.75rem;
}

.c10 {
  -webkit-box-pack: start;
  -webkit-justify-content: flex-start;
  -ms-flex-pack: start;
  justify-content: flex-start;
  height: 100%;
  position: relative;
}

.c2 {
  box-sizing: border-box;
  display: -webkit-box;
  display: -webkit-flex;
  display: -ms-flexbox;
  display: flex;
  -webkit-flex: 0 1 auto;
  -ms-flex: 0 1 auto;
  flex: 0 1 auto;
  -webkit-flex-direction: row;
  -ms-flex-direction: row;
  flex-direction: row;
  -webkit-flex-wrap: wrap;
  -ms-flex-wrap: wrap;
  flex-wrap: wrap;
  margin-right: -0.5rem;
  margin-left: -0.5rem;
  position: relative;
  height: auto;
  min-height: 7.875rem;
  margin-bottom: 0.625rem;
  border: 0.0625rem solid;
  box-shadow: 0 0.125rem 0 0 rgba(0,0,0,0.05);
  -webkit-flex-direction: column;
  -ms-flex-direction: column;
  flex-direction: column;
  margin-right: 0rem;
  margin-left: 0rem;
}

.c5 {
  box-sizing: border-box;
  display: -webkit-box;
  display: -webkit-flex;
  display: -ms-flexbox;
  display: flex;
  -webkit-flex: 0 1 auto;
  -ms-flex: 0 1 auto;
  flex: 0 1 auto;
  -webkit-flex-direction: row;
  -ms-flex-direction: row;
  flex-direction: row;
  -webkit-flex-wrap: wrap;
  -ms-flex-wrap: wrap;
  flex-wrap: wrap;
  margin-right: -0.5rem;
  margin-left: -0.5rem;
  position: relative;
  height: auto;
  min-height: 7.875rem;
  margin-bottom: 0.625rem;
  border: 0.0625rem solid;
  box-shadow: 0 0.125rem 0 0 rgba(0,0,0,0.05);
  -webkit-flex-direction: column;
  -ms-flex-direction: column;
  flex-direction: column;
  margin-right: 0rem;
  margin-left: 0rem;
  min-height: auto;
  height: 3rem;
  margin-bottom: 1rem;
  box-shadow: 0 0.125rem 0 0 rgba(0,0,0,0.1);
}

.c4 {
  position: absolute;
  -webkit-flex-direction: row;
  -ms-flex-direction: row;
  flex-direction: row;
  border: solid 0.0625rem;
  box-shadow: none;
  width: calc(100% + 0.125rem);
  margin: -0.0625rem -0.0625rem 0 -0.0625rem;
}

.c20 {
  box-sizing: border-box;
  display: -webkit-box;
  display: -webkit-flex;
  display: -ms-flexbox;
  display: flex;
  -webkit-flex: 0 1 auto;
  -ms-flex: 0 1 auto;
  flex: 0 1 auto;
  -webkit-flex-direction: row;
  -ms-flex-direction: row;
  flex-direction: row;
  -webkit-flex-wrap: wrap;
  -ms-flex-wrap: wrap;
  flex-wrap: wrap;
  margin-right: -0.5rem;
  margin-left: -0.5rem;
  -webkit-flex: 1;
  -ms-flex: 1;
  flex: 1;
  margin: 0;
  height: auto;
  padding-top: 0;
  min-width: auto;
  -webkit-flex-direction: row;
  -ms-flex-direction: row;
  flex-direction: row;
}

.c14 {
  display: block;
  -webkit-flex: 0 0 2.9375rem;
  -ms-flex: 0 0 2.9375rem;
  flex: 0 0 2.9375rem;
  border-left: 0.0625rem solid;
  box-sizing: border-box;
}

.c15 {
  position: relative;
  border-width: 0;
  box-shadow: none;
  width: 100%;
  min-width: 2.875rem !important;
  height: 7.75rem;
  display: -webkit-box;
  display: -webkit-flex;
  display: -ms-flexbox;
  display: flex;
  -webkit-box-pack: center;
  -webkit-justify-content: center;
  -ms-flex-pack: center;
  justify-content: center;
  -webkit-align-items: center;
  -webkit-box-align: center;
  -ms-flex-align: center;
  align-items: center;
  overflow-x: visible;
  overflow-y: visible;
  height: 2.875rem;
}

.c15:focus {
  border-width: 0;
}

.c15:hover {
  border-width: 0;
}

.c15:active,
.c15:active:hover,
.c15:active:focus {
  border-width: 0;
}

.c17 {
  position: absolute;
  left: 50%;
  top: 35%;
}

.c18 {
  margin: 0 0 0.125rem -0.125rem;
  border-radius: 50%;
  width: 0.25rem;
  height: 0.25rem;
}

.c13 {
  font-family: "Libre Franklin",-apple-system,BlinkMacSystemFont,"Segoe UI",Roboto,Oxygen-Sans,Ubuntu,Cantarell,Helvetica,sans-serif;
  font-weight: 400;
  font-size: 0.9375rem;
  font-style: normal;
  font-stretch: normal;
  display: block;
  display: inline-block;
  color: undefined;
  margin-left: 1.5rem;
}

.c13::first-letter {
  text-transform: capitalize;
}

.c12 {
  position: absolute;
}

.c12 > svg {
  -webkit-fill: undefined;
  fill: undefined;
}

.c11 {
  height: 100%;
  float: right;
  display: -webkit-box;
  display: -webkit-flex;
  display: -ms-flexbox;
  display: flex;
  -webkit-flex-direction: column;
  -ms-flex-direction: column;
  flex-direction: column;
  -webkit-flex-wrap: nowrap;
  -ms-flex-wrap: nowrap;
  flex-wrap: nowrap;
  -webkit-box-pack: center;
  -webkit-justify-content: center;
  -ms-flex-pack: center;
  justify-content: center;
  -webkit-align-content: center;
  -ms-flex-line-pack: center;
  align-content: center;
}

.c0 {
  margin-right: auto;
  margin-left: auto;
  padding-top: 1.1875rem;
  -webkit-flex: 1 1 auto;
  -ms-flex: 1 1 auto;
  flex: 1 1 auto;
  display: block;
  -webkit-flex-flow: column;
  -ms-flex-flow: column;
  flex-flow: column;
}

.c24 {
  display: inline-block;
  margin: 0;
  -webkit-flex: 1 1 auto;
  -ms-flex: 1 1 auto;
  flex: 1 1 auto;
  -webkit-align-self: stretch;
  -ms-flex-item-align: stretch;
  align-self: stretch;
}

.c25 {
  font-family: "Libre Franklin",-apple-system,BlinkMacSystemFont,"Segoe UI",Roboto,Oxygen-Sans,Ubuntu,Cantarell,Helvetica,sans-serif;
  font-weight: 400;
  line-height: 1.5rem;
  font-size: 0.9375rem;
  margin: 0 0 0.375rem 0;
  font-size: 0.8125rem;
  line-height: 0.8125rem;
}

.c3 {
  position: relative;
}

.c7 {
  display: -webkit-box;
  display: -webkit-flex;
  display: -ms-flexbox;
  display: flex;
  -webkit-flex-direction: row;
  -ms-flex-direction: row;
  flex-direction: row;
  -webkit-box-pack: left;
  -webkit-justify-content: left;
  -ms-flex-pack: left;
  justify-content: left;
  -webkit-align-items: center;
  -webkit-box-align: center;
  -ms-flex-align: center;
  align-items: center;
}

.c19 {
  height: 7.5rem;
}

.c21 {
  display: -webkit-box;
  display: -webkit-flex;
  display: -ms-flexbox;
  display: flex;
  -webkit-flex-direction: column;
  -ms-flex-direction: column;
  flex-direction: column;
  -webkit-flex-wrap: nowrap;
  -ms-flex-wrap: nowrap;
  flex-wrap: nowrap;
  -webkit-box-pack: center;
  -webkit-justify-content: center;
  -ms-flex-pack: center;
  justify-content: center;
  -webkit-align-content: center;
  -ms-flex-line-pack: center;
  align-content: center;
  -webkit-align-items: stretch;
  -webkit-box-align: stretch;
  -ms-flex-align: stretch;
  align-items: stretch;
}

.c26 {
  -webkit-flex: 0 1 auto;
  -ms-flex: 0 1 auto;
  flex: 0 1 auto;
  -webkit-align-self: flex-end;
  -ms-flex-item-align: flex-end;
  align-self: flex-end;
  position: absolute;
  bottom: 0;
}

.c1 {
  position: relative;
}

@media only screen and (min-width:48em) {
  .c0 {
    width: 46rem;
  }
}

@media only screen and (min-width:64em) {
  .c0 {
    width: 61rem;
  }
}

@media only screen and (min-width:75em) {
  .c0 {
    width: 76rem;
  }
}

<div
  className="c0"
>
  <div
    className="c1"
  >
    <div
      className="c2"
      name="card"
    >
      <div
        className="c3 c4 c5"
        name="card-header"
      >
        <div
          className="c6"
          name="container"
        >
          <div
            className="c7"
          >
            <a
              active={undefined}
              className="c8"
              href="/deployment-groups/wordpress-blog-example/services/nginx"
              onClick={[Function]}
              secondary={true}
            >
              Nginx
            </a>
          </div>
        </div>
        <div
          className="c9 c6"
          name="container"
        >
          <div
            className="c10"
          >
            <div
              className="c11"
              onMouseOut={undefined}
              onMouseOver={undefined}
            >
              <div
                className="c12"
                color="disabled"
              >
                <svg
                  className=""
                  height="9"
                  viewBox="0 0 18 9"
                  width="18"
                  xmlns="http://www.w3.org/2000/svg"
                >
                  <title>
                    icon: instances
                  </title>
                  <path
                    d="M4.5 0a4.5 4.5 0 1 0 0 9 4.5 4.5 0 0 0 0-9m8.59 0c-.375 0-.739.047-1.09.12 2.184.456 3.818 2.239 3.818 4.38S14.184 8.424 12 8.88c.351.073.715.12 1.09.12C15.803 9 18 6.985 18 4.5S15.802 0 13.09 0M14 4.5C14 6.985 11.802 9 9.09 9c-.375 0-.739-.047-1.09-.12 2.184-.456 3.818-2.239 3.818-4.38S10.184.576 8 .12C8.351.047 8.715 0 9.09 0 11.803 0 14 2.015 14 4.5"
                    fillRule="evenodd"
                  />
                </svg>
              </div>
              <label
                className="c13"
                color="disabled"
              >
                1 instance
              </label>
            </div>
          </div>
        </div>
        <nav
          className="c14"
          name="card-options"
        >
          <button
            className="c15 c16"
            onClick={[Function]}
          >
            <div
              className="c17"
            >
              <div
                className="c18"
              />
              <div
                className="c18"
              />
              <div
                className="c18"
              />
            </div>
          </button>
        </nav>
      </div>
      <div
        className="c19 c20"
        name="card-view"
      >
        <div
          className="c21 c22 c23"
          name="container"
        >
          <div
            className="c10"
          >
            <div
              className="c24"
            >
              <p
                className="c25"
              >
                1
            instance
            running
              </p>
            </div>
            <div
              className="c26"
            />
          </div>
        </div>
      </div>
    </div>
  </div>
</div>
`;
