// Jest Snapshot v1, https://goo.gl/fbAQLP

exports[`renders <ServicesQuickActions /> without throwing 1`] = `
.c5 {
  font-family: sans-serif;
  font-size: 100%;
  line-height: 1.15;
  margin: 0;
  overflow: visible;
  text-transform: none;
  -webkit-appearance: button;
  -moz-appearance: button;
  appearance: button;
  min-width: 7.5rem;
  box-sizing: border-box;
  display: inline-block;
  -webkit-box-pack: center;
  -webkit-justify-content: center;
  -ms-flex-pack: center;
  justify-content: center;
  -webkit-align-items: center;
  -webkit-box-align: center;
  -ms-flex-align: center;
  align-items: center;
  margin: 0;
  padding: 0.9375rem 1.125rem;
  position: relative;
  font-family: "Libre Franklin",-apple-system,BlinkMacSystemFont,"Segoe UI",Roboto,Oxygen-Sans,Ubuntu,Cantarell,Helvetica,sans-serif;
  font-weight: 400;
  font-size: 0.9375rem;
  text-align: center;
  font-style: normal;
  font-stretch: normal;
  line-height: normal;
  -webkit-letter-spacing: normal;
  -moz-letter-spacing: normal;
  -ms-letter-spacing: normal;
  letter-spacing: normal;
  text-decoration: none;
  white-space: nowrap;
  vertical-align: middle;
  touch-action: manipulation;
  cursor: pointer;
  background-image: none;
  border-radius: 0.25rem;
  border: solid 0.0625rem;
}

.c5::-moz-focus-inner,
.c5[type='button']::-moz-focus-inner,
.c5[type='reset']::-moz-focus-inner,
.c5[type='submit']::-moz-focus-inner {
  border-style: none;
  padding: 0;
}

.c5:-moz-focusring,
.c5[type='button']:-moz-focusring,
.c5[type='reset']:-moz-focusring,
.c5[type='submit']:-moz-focusring {
  outline: 0.0625rem dotted ButtonText;
}

.c5:focus {
  outline: 0;
  text-decoration: none;
}

.c5:hover {
  border: solid 0.0625rem;
}

.c5:active,
.c5:active:hover,
.c5:active:focus {
  background-image: none;
  outline: 0;
}

.c5[disabled] {
  cursor: not-allowed;
  pointer-events: none;
}

.c5 + button {
  margin-left: 1.25rem;
}

.c1 {
  position: absolute;
  top: auto;
  left: auto;
  right: auto;
}

.c1:focus {
  outline: none;
}

.c2 {
  position: relative;
  display: inline-block;
  top: 0.3125rem;
  left: -50%;
  margin: 0;
  padding: 0.75rem 0;
  border: 0.0625rem solid;
  box-shadow: 0 0.125rem 0.375rem 0.0625rem rgba(0,0,0,0.1);
  border-radius: 0.25rem;
  z-index: 1000;
}

.c2:after,
.c2:before {
  content: '';
  position: absolute;
  bottom: 100%;
  left: 50%;
  height: 0;
  width: 0;
  border: solid transparent;
}

.c2:after {
  border-bottom-color: #FFFFFF;
  border-width: 0.1875rem;
  margin-left: -0.1875rem;
}

.c2:before {
  border-bottom-color: #D8D8D8;
  border-width: 0.3125rem;
  margin-left: -0.3125rem;
}

.c4 {
  width: 100%;
  padding: 0.375rem 1.125rem;
  background-color: #FFFFFF;
  color: #464646;
  text-align: left;
  border: none;
  box-shadow: none;
}

.c4:focus {
  background-color: #FFFFFF;
  color: #3B46CC;
  border: none;
}

.c4:hover {
  background-color: #FFFFFF;
  color: #3B46CC;
  border: none;
}

.c4:active,
.c4:active:hover,
.c4:active:focus {
  background-color: #FFFFFF;
  color: #3B46CC;
  border: none;
}

.c4[disabled] {
  cursor: not-allowed;
  pointer-events: none;
}

.c6 {
  border-top: 0.0625rem solid;
  margin: 0.375rem 0 0.5625rem 0;
}

.c3 {
  margin: 0;
  padding: 0;
  list-style-type: none;
}

.c0 {
  position: absolute;
  top: 0;
  left: 0;
}

<div>
  <div
    className="c0"
  >
    <div
      className="c1"
    >
      <div
        className="c2"
      >
        <ul
          className="c3"
        >
          <li>
            <button
              className="c4 c5"
              disabled={undefined}
              onClick={[Function]}
            >
              Scale
            </button>
          </li>
          <li>
            <button
              className="c4 c5"
              disabled={undefined}
              onClick={[Function]}
            >
              Restart
            </button>
          </li>
          <li>
            <button
              className="c4 c5"
              disabled={undefined}
              onClick={[Function]}
            >
              Stop
            </button>
          </li>
          <div
            className="c6"
          />
          <li>
            <button
              className="c4 c5"
              disabled={undefined}
              onClick={[Function]}
            >
              Delete
            </button>
          </li>
        </ul>
      </div>
    </div>
  </div>
</div>
`;
