// Jest Snapshot v1, https://goo.gl/fbAQLP

exports[`renders <ServicesTopology /> without throwing 1`] = `
.c5 {
  stroke-width: 1.5;
}

.c3 {
  stroke-width: 1.5;
  rx: 4;
  ry: 4;
}

.c4 {
  font-family: "Libre Franklin",-apple-system,BlinkMacSystemFont,"Segoe UI",Roboto,Oxygen-Sans,Ubuntu,Cantarell,Helvetica,sans-serif;
  font-weight: 400;
  font-size: 16px;
  font-weight: 600;
  cursor: pointer;
}

.c7 {
  font-family: "Libre Franklin",-apple-system,BlinkMacSystemFont,"Segoe UI",Roboto,Oxygen-Sans,Ubuntu,Cantarell,Helvetica,sans-serif;
  font-weight: 400;
  font-size: 12px;
  opacity: 0.8;
}

.c6 {
  opacity: 0;
  cursor: pointer;
}

.c6:focus {
  outline: none;
}

.c2 {
  width: 100%;
  height: 1000px;
}

.c2:not(:root) {
  overflow: hidden;
}

.c0 {
  padding: 1.5rem;
}

.c1 {
  position: relative;
}

<div>
  <div
    className="c0"
  >
    <div
      className="c1"
    >
      <div>
        <svg
          className="c2"
          id="topology-svg"
          onMouseMove={[Function]}
          onMouseUp={[Function]}
          onTouchCancel={[Function]}
          onTouchEnd={[Function]}
          onTouchMove={[Function]}
        >
          <g>
            <g
              transform="translate(0, 0)"
            >
              <rect
                className="c3"
                height={114}
                width={180}
                x={0}
                y={0}
              />
              <g>
                <text
                  className="c4"
                  onClick={[Function]}
                  onKeyDown={[Function]}
                  x={12}
                  y={30}
                >
                  Nginx
                </text>
              </g>
              <g
                transform="translate(140, 0)"
              >
                <line
                  className="c5"
                  x1={0}
                  x2={0}
                  y1={0}
                  y2={48}
                />
                <circle
                  className=""
                  cx={20}
                  cy={18}
                  r={2}
                />
                <circle
                  className=""
                  cx={20}
                  cy={24}
                  r={2}
                />
                <circle
                  className=""
                  cx={20}
                  cy={30}
                  r={2}
                />
                <rect
                  className="c6"
                  height={48}
                  onClick={[Function]}
                  onKeyDown={[Function]}
                  role="button"
                  tabIndex={100}
                  width={40}
                />
              </g>
              <g
                transform="translate(0, 48)"
              >
                <line
                  className="c5"
                  x1={0}
                  x2={180}
                  y1={0}
                  y2={0}
                />
                <g
                  transform="translate(12, 11)"
                >
                  <g
                    transform="translate(0, 0)"
                  >
                    <svg
                      className=""
                      healthy="UNHEALTHY"
                      height="18"
                      viewBox="0 0 18 18"
                      width="18"
                      xmlns="http://www.w3.org/2000/svg"
                    >
                      <title>
                        icon: state
                      </title>
                      <g
                        fillRule="evenodd"
                      >
                        <circle
                          cx="9"
                          cy="9"
                          r="9"
                        />
                        <path
                          d="M9.477 6.603l-.522.443-.444-.443a2.056 2.056 0 1 0-2.908 2.909l3.352 3.352 3.412-3.352c.803-.804.863-2.106.06-2.91a2.105 2.105 0 0 0-2.95 0z"
                          fill="#FFF"
                        />
                      </g>
                    </svg>
                  </g>
                  <g
                    transform="translate(30, 4.5)"
                  >
                    <svg
                      active={undefined}
                      className=""
                      consul={undefined}
                      height="9"
                      viewBox="0 0 18 9"
                      width="18"
                      xmlns="http://www.w3.org/2000/svg"
                    >
                      <title>
                        icon: instances
                      </title>
                      <path
                        d="M4.5 0a4.5 4.5 0 1 0 0 9 4.5 4.5 0 0 0 0-9m8.59 0c-.375 0-.739.047-1.09.12 2.184.456 3.818 2.239 3.818 4.38S14.184 8.424 12 8.88c.351.073.715.12 1.09.12C15.803 9 18 6.985 18 4.5S15.802 0 13.09 0M14 4.5C14 6.985 11.802 9 9.09 9c-.375 0-.739-.047-1.09-.12 2.184-.456 3.818-2.239 3.818-4.38S10.184.576 8 .12C8.351.047 8.715 0 9.09 0 11.803 0 14 2.015 14 4.5"
                        fillRule="evenodd"
                      />
                    </svg>
                  </g>
                  <text
                    className="c7"
                    x={54}
                    y={14}
                  >
                    1 inst.
                  </text>
                  <g
                    transform="translate(54, 36)"
                  >
                    <text
                      className="c7"
                    >
                      1
            running
                    </text>
                  </g>
                </g>
              </g>
            </g>
          </g>
          <g />
          <g />
          <g />
          <g />
        </svg>
      </div>
    </div>
  </div>
</div>
`;
